=== resolved 51 artifacts ===
androidx.annotation:annotation                          jar        1.9.1
androidx.annotation:annotation-experimental             aar        1.5.1
androidx.annotation:annotation-jvm                      jar        1.9.1
androidx.arch.core:core-common                          jar        2.2.0
androidx.arch.core:core-runtime                         aar        2.2.0
androidx.asynclayoutinflater:asynclayoutinflater        aar        1.0.0
androidx.collection:collection                          jar        1.5.0
androidx.collection:collection-jvm                      jar        1.5.0
androidx.concurrent:concurrent-futures                  jar        1.0.0
androidx.coordinatorlayout:coordinatorlayout            aar        1.0.0
androidx.core:core                                      aar        1.17.0
androidx.core:core-viewtree                             aar        1.0.0
androidx.cursoradapter:cursoradapter                    aar        1.0.0
androidx.customview:customview                          aar        1.0.0
androidx.documentfile:documentfile                      aar        1.0.0
androidx.drawerlayout:drawerlayout                      aar        1.0.0
androidx.fragment:fragment                              aar        1.0.0
androidx.interpolator:interpolator                      aar        1.0.0
androidx.legacy:legacy-support-core-ui                  aar        1.0.0
androidx.legacy:legacy-support-core-utils               aar        1.0.0
androidx.lifecycle:lifecycle-common                     jar        2.9.3
androidx.lifecycle:lifecycle-common-jvm                 jar        2.9.3
androidx.lifecycle:lifecycle-livedata                   aar        2.0.0
androidx.lifecycle:lifecycle-livedata-core              aar        2.0.0
androidx.lifecycle:lifecycle-process                    aar        2.9.3
androidx.lifecycle:lifecycle-runtime                    aar        2.6.2
androidx.lifecycle:lifecycle-viewmodel                  aar        2.0.0
androidx.loader:loader                                  aar        1.0.0
androidx.localbroadcastmanager:localbroadcastmanager    aar        1.0.0
androidx.print:print                                    aar        1.0.0
androidx.profileinstaller:profileinstaller              aar        1.3.0
androidx.slidingpanelayout:slidingpanelayout            aar        1.0.0
androidx.startup:startup-runtime                        aar        1.1.1
androidx.swiperefreshlayout:swiperefreshlayout          aar        1.0.0
androidx.tracing:tracing                                aar        1.2.0
androidx.versionedparcelable:versionedparcelable        aar        1.1.1
androidx.viewpager:viewpager                            aar        1.0.0
com.google.android.gms:play-services-base               aar        18.5.0
com.google.android.gms:play-services-basement           aar        18.5.0
com.google.android.gms:play-services-fido               aar        21.2.0
com.google.android.gms:play-services-tasks              aar        18.2.0
com.google.guava:listenablefuture                       jar        1.0
org.jetbrains.kotlin:kotlin-stdlib                      jar        1.9.24
org.jetbrains.kotlin:kotlin-stdlib-jdk7                 jar        1.9.0
org.jetbrains.kotlinx:kotlinx-coroutines-core           jar        1.8.1
org.jetbrains.kotlinx:kotlinx-coroutines-core-jvm       jar        1.8.1
org.jetbrains:annotations                               jar        13.0
org.jspecify:jspecify                                   jar        1.0.0
org.mozilla.geckoview:geckoview                         aar        144.0.20251027123126
org.mozilla.geckoview:geckoview-exoplayer2              aar        144.0.20251027123126
org.yaml:snakeyaml                                      jar        2.2
